******************************************************************************
                  TI ARM Linker PC v20.2.7                     
******************************************************************************
>> Linked Thu Nov 16 23:15:25 2023

OUTPUT FILE NAME:   <project2_2023_template.out>
ENTRY POINT SYMBOL: "_c_int00_noargs"  address: 0000306d


MEMORY CONFIGURATION

         name            origin    length      used     unused   attr    fill
----------------------  --------  ---------  --------  --------  ----  --------
  MAIN                  00000000   00040000  000034e4  0003cb1c  R  X
  INFO                  00200000   00004000  00000000  00004000  R  X
  SRAM_CODE             01000000   00010000  000009cc  0000f634  RW X
  SRAM_DATA             20000000   00010000  000009cc  0000f634  RW  


SEGMENT ALLOCATION MAP

run origin  load origin   length   init length attrs members
----------  ----------- ---------- ----------- ----- -------
00000000    00000000    000034e8   000034e8    r-x
  00000000    00000000    000000e4   000000e4    r-- .intvecs
  000000e4    000000e4    00003240   00003240    r-x .text
  00003324    00003324    00000128   00000128    r-- .const
  00003450    00003450    00000098   00000098    r-- .cinit
20000000    20000000    000007cc   00000000    rw-
  20000000    20000000    00000400   00000000    rw- .sysmem
  20000400    20000400    00000204   00000000    rw- .data
  20000604    20000604    000001c8   00000000    rw- .bss
2000fe00    2000fe00    00000200   00000000    rw-
  2000fe00    2000fe00    00000200   00000000    rw- .stack


SECTION ALLOCATION MAP

 output                                  attributes/
section   page    origin      length       input sections
--------  ----  ----------  ----------   ----------------
.intvecs   0    00000000    000000e4     
                  00000000    000000e4     startup_msp432p401r_ccs.obj (.intvecs:retain)

.text      0    000000e4    00003240     
                  000000e4    00000a4e     rtsv7M4_T_le_v4SPD16_eabi.lib : _printfi.c.obj (.text:__TI_printfi)
                  00000b32    00000002                                   : _lock.c.obj (.text:_nop)
                  00000b34    00000334     system_msp432p401r.obj (.text)
                  00000e68    0000029c     main.obj (.text)
                  00001104    00000270     rtsv7M4_T_le_v4SPD16_eabi.lib : _printfi.c.obj (.text:_pconv_a)
                  00001374    000001d0                                   : _printfi.c.obj (.text:_pconv_g)
                  00001544    000001b6                                   : fd_add_t2.asm.obj (.text)
                  000016fa    00000002                                   : div0.asm.obj (.text)
                  000016fc    00000180     clock.obj (.text)
                  0000187c    0000013c     rtsv7M4_T_le_v4SPD16_eabi.lib : _printfi.c.obj (.text:_pconv_e)
                  000019b8    00000136                                   : fd_div_t2.asm.obj (.text)
                  00001aee    00000002     --HOLE-- [fill = 0]
                  00001af0    00000124                                   : _printfi.c.obj (.text:fcvt)
                  00001c14    00000114                                   : fputs.c.obj (.text:fputs)
                  00001d28    00000110                                   : s_scalbn.c.obj (.text:scalbn)
                  00001e38    00000100                                   : memory.c.obj (.text:aligned_alloc)
                  00001f38    000000fc                                   : fd_mul_t2.asm.obj (.text)
                  00002034    000000e4                                   : memory.c.obj (.text:free)
                  00002118    000000dc                                   : setvbuf.c.obj (.text:setvbuf)
                  000021f4    000000b1                                   : _printfi.c.obj (.text:_ltostr)
                  000022a5    00000001     --HOLE-- [fill = 0]
                  000022a6    0000009c                                   : memcpy_t2.asm.obj (.text)
                  00002342    00000096                                   : ull_div_t2.asm.obj (.text)
                  000023d8    0000008c                                   : fputc.c.obj (.text:fputc)
                  00002464    00000086                                   : fd_cmp_t2.asm.obj (.text:__aeabi_cdcmple)
                  000024ea    00000086                                   : fd_cmp_t2.asm.obj (.text:__aeabi_cdrcmple)
                  00002570    0000007a                                   : memset_t2.asm.obj (.text)
                  000025ea    00000002     --HOLE-- [fill = 0]
                  000025ec    00000074                                   : fclose.c.obj (.text:__TI_closefile)
                  00002660    00000070                                   : memory.c.obj (.text:split)
                  000026d0    0000006e                                   : _printfi.c.obj (.text:_mcpy)
                  0000273e    00000002     --HOLE-- [fill = 0]
                  00002740    0000006c                                   : hostrename.c.obj (.text:HOSTrename)
                  000027ac    00000068                                   : hostlseek.c.obj (.text:HOSTlseek)
                  00002814    00000068                                   : copy_decompress_lzss.c.obj (.text:decompress:lzss:__TI_decompress_lzss)
                  0000287c    00000068                                   : printf.c.obj (.text:printf)
                  000028e4    00000064                                   : s_frexp.c.obj (.text:frexp)
                  00002948    00000064                                   : fseek.c.obj (.text:fseek)
                  000029ac    00000062                                   : _io_perm.c.obj (.text:__TI_wrt_ok)
                  00002a0e    00000002     --HOLE-- [fill = 0]
                  00002a10    00000060                                   : hostopen.c.obj (.text:HOSTopen)
                  00002a70    0000005c                                   : close.c.obj (.text:close)
                  00002acc    00000058                                   : hostread.c.obj (.text:HOSTread)
                  00002b24    00000058                                   : hostwrite.c.obj (.text:HOSTwrite)
                  00002b7c    00000056                                   : _printfi.c.obj (.text:_pconv_f)
                  00002bd2    00000054                                   : _ltoa.c.obj (.text:__TI_ltoa)
                  00002c26    00000052                                   : _printfi.c.obj (.text:_ecpy)
                  00002c78    0000004c                                   : fflush.c.obj (.text:__TI_doflush)
                  00002cc4    0000004c                                   : atoi.c.obj (.text:atoi)
                  00002d10    00000048                                   : exit.c.obj (.text:exit)
                  00002d58    00000048                                   : fd_toi_t2.asm.obj (.text)
                  00002da0    00000044                                   : hostclose.c.obj (.text:HOSTclose)
                  00002de4    00000044                                   : hostunlink.c.obj (.text:HOSTunlink)
                  00002e28    00000044                                   : autoinit.c.obj (.text:__TI_auto_init_nobinit_nopinit:__TI_auto_init_nobinit_nopinit)
                  00002e6c    00000044                                   : getdevice.c.obj (.text:getdevice)
                  00002eb0    0000003e                                   : _printfi.c.obj (.text:_fcpy)
                  00002eee    0000003a     task1.obj (.text)
                  00002f28    00000038     rtsv7M4_T_le_v4SPD16_eabi.lib : trgmsg.c.obj (.text:__TI_writemsg)
                  00002f60    00000038                                   : fs_tod_t2.asm.obj (.text)
                  00002f98    00000036                                   : strncpy.c.obj (.text:strncpy)
                  00002fce    00000036     task2.obj (.text)
                  00003004    00000034     rtsv7M4_T_le_v4SPD16_eabi.lib : fopen.c.obj (.text:__TI_cleanup)
                  00003038    00000034                                   : trgmsg.c.obj (.text:__TI_readmsg)
                  0000306c    00000034                                   : boot_cortex_m.c.obj (.text:_c_int00_noargs:_c_int00_noargs)
                  000030a0    00000030                                   : getdevice.c.obj (.text:finddevice)
                  000030d0    0000002e                                   : i_tofd_t2.asm.obj (.text)
                  000030fe    00000002     --HOLE-- [fill = 0]
                  00003100    0000002c                                   : unlink.c.obj (.text:unlink)
                  0000312c    00000028                                   : memory.c.obj (.text:free_list_insert)
                  00003154    00000028                                   : lseek.c.obj (.text:lseek)
                  0000317c    00000028                                   : write.c.obj (.text:write)
                  000031a4    00000020                                   : memchr.c.obj (.text:memchr)
                  000031c4    00000020     task2aux.obj (.text)
                  000031e4    0000001c     rtsv7M4_T_le_v4SPD16_eabi.lib : copy_zero_init.c.obj (.text:decompress:ZI:__TI_zero_init_nomemset:__TI_zero_init_nomemset)
                  00003200    0000001c                                   : memory.c.obj (.text:free_list_remove)
                  0000321c    0000001c                                   : memccpy.c.obj (.text:memccpy)
                  00003238    0000001a                                   : s_copysign.c.obj (.text:copysign)
                  00003252    00000018                                   : strcmp.c.obj (.text:strcmp)
                  0000326a    00000016                                   : strchr.c.obj (.text:strchr)
                  00003280    00000016     task1aux.obj (.text)
                  00003296    00000014     rtsv7M4_T_le_v4SPD16_eabi.lib : strcpy.c.obj (.text:strcpy)
                  000032aa    00000014                                   : strlen.c.obj (.text:strlen)
                  000032be    00000002     --HOLE-- [fill = 0]
                  000032c0    00000014     task3.obj (.text)
                  000032d4    00000012     rtsv7M4_T_le_v4SPD16_eabi.lib : wcslen.c.obj (.text:wcslen)
                  000032e6    0000000e                                   : copy_decompress_none.c.obj (.text:decompress:none:__TI_decompress_none)
                  000032f4    0000000e     startup_msp432p401r_ccs.obj (.text)
                  00003302    00000002     --HOLE-- [fill = 0]
                  00003304    00000008     rtsv7M4_T_le_v4SPD16_eabi.lib : errno.c.obj (.text:__aeabi_errno_addr)
                  0000330c    00000008                                   : memory.c.obj (.text:malloc)
                  00003314    00000004                                   : printf.c.obj (.text:_outc)
                  00003318    00000004                                   : printf.c.obj (.text:_outs)
                  0000331c    00000004                                   : pre_init.c.obj (.text:_system_pre_init)
                  00003320    00000004                                   : exit.c.obj (.text:abort:abort)

.const     0    00003324    00000128     
                  00003324    00000101     rtsv7M4_T_le_v4SPD16_eabi.lib : ctype.c.obj (.const:.string:_ctypes_)
                  00003425    00000003     --HOLE-- [fill = 0]
                  00003428    0000000c     main.obj (.const:$P$T2$3)
                  00003434    0000000c     main.obj (.const:$P$T3$4)
                  00003440    00000008     main.obj (.const:.string:$P$T1$2)
                  00003448    00000004     main.obj (.const:.string:$P$T0$1)

.cinit     0    00003450    00000098     
                  00003450    00000070     (.cinit..data.load) [load image, compression = lzss]
                  000034c0    0000000c     (__TI_handler_table)
                  000034cc    00000004     --HOLE-- [fill = 0]
                  000034d0    00000008     (.cinit..bss.load) [load image, compression = zero_init]
                  000034d8    00000010     (__TI_cinit_table)

.init_array 
*          0    00000000    00000000     UNINITIALIZED

.binit     0    00000000    00000000     

.sysmem    0    20000000    00000400     UNINITIALIZED
                  20000000    00000010     rtsv7M4_T_le_v4SPD16_eabi.lib : memory.c.obj (.sysmem)
                  20000010    000003f0     --HOLE--

.data      0    20000400    00000204     UNINITIALIZED
                  20000400    000000f0     rtsv7M4_T_le_v4SPD16_eabi.lib : defs.c.obj (.data:_ftable)
                  200004f0    00000078                                   : host_device.c.obj (.data:_device)
                  20000568    00000050                                   : host_device.c.obj (.data:_stream)
                  200005b8    00000018     clock.obj (.data)
                  200005d0    00000010     rtsv7M4_T_le_v4SPD16_eabi.lib : defs.c.obj (.data)
                  200005e0    0000000c                                   : exit.c.obj (.data:$O1$$)
                  200005ec    00000008                                   : _lock.c.obj (.data:$O1$$)
                  200005f4    00000008                                   : memory.c.obj (.data:$O1$$)
                  200005fc    00000004                                   : errno.c.obj (.data)
                  20000600    00000004     system_msp432p401r.obj (.data)

.bss       0    20000604    000001c8     UNINITIALIZED
                  20000604    00000120     rtsv7M4_T_le_v4SPD16_eabi.lib : trgmsg.c.obj (.bss:_CIOBUF_)
                  20000724    000000a0     (.common:__TI_tmpnams)
                  200007c4    00000008     (.common:parmbuf)

.stack     0    2000fe00    00000200     UNINITIALIZED
                  2000fe00    00000004     rtsv7M4_T_le_v4SPD16_eabi.lib : boot_cortex_m.c.obj (.stack)
                  2000fe04    000001fc     --HOLE--

__llvm_prf_cnts 
*          0    20000000    00000000     UNINITIALIZED

MODULE SUMMARY

       Module                        code    ro data   rw data
       ------                        ----    -------   -------
    .\
       system_msp432p401r.obj        820     0         8      
       main.obj                      668     36        0      
       startup_msp432p401r_ccs.obj   14      228       0      
    +--+-----------------------------+-------+---------+---------+
       Total:                        1502    264       8      
                                                              
    .\inc\
       clock.obj                     384     0         48     
    +--+-----------------------------+-------+---------+---------+
       Total:                        384     0         48     
                                                              
    .\tasks\
       task1.obj                     58      0         0      
       task2.obj                     54      0         0      
       task2aux.obj                  32      0         0      
       task1aux.obj                  22      0         0      
       task3.obj                     20      0         0      
    +--+-----------------------------+-------+---------+---------+
       Total:                        186     0         0      
                                                              
    C:\ti\ccs1250\ccs\tools\compiler\ti-cgt-arm_20.2.7.LTS\lib\rtsv7M4_T_le_v4SPD16_eabi.lib
       _printfi.c.obj                4851    0         0      
       defs.c.obj                    0       0         832    
       memory.c.obj                  672     0         16     
       trgmsg.c.obj                  108     0         576    
       fd_add_t2.asm.obj             438     0         0      
       host_device.c.obj             0       0         400    
       fd_div_t2.asm.obj             310     0         0      
       fputs.c.obj                   276     0         0      
       s_scalbn.c.obj                272     0         0      
       fd_cmp_t2.asm.obj             268     0         0      
       ctype.c.obj                   0       257       0      
       fd_mul_t2.asm.obj             252     0         0      
       setvbuf.c.obj                 220     0         0      
       memcpy_t2.asm.obj             156     0         0      
       ull_div_t2.asm.obj            150     0         0      
       fputc.c.obj                   140     0         0      
       memset_t2.asm.obj             122     0         0      
       fclose.c.obj                  116     0         0      
       getdevice.c.obj               116     0         0      
       hostopen.c.obj                96      0         16     
       printf.c.obj                  112     0         0      
       hostrename.c.obj              108     0         0      
       copy_decompress_lzss.c.obj    104     0         0      
       hostlseek.c.obj               104     0         0      
       exit.c.obj                    76      0         24     
       fseek.c.obj                   100     0         0      
       s_frexp.c.obj                 100     0         0      
       _io_perm.c.obj                98      0         0      
       close.c.obj                   92      0         0      
       hostread.c.obj                88      0         0      
       hostwrite.c.obj               88      0         0      
       _ltoa.c.obj                   84      0         0      
       atoi.c.obj                    76      0         0      
       fflush.c.obj                  76      0         0      
       fd_toi_t2.asm.obj             72      0         0      
       autoinit.c.obj                68      0         0      
       hostclose.c.obj               68      0         0      
       hostunlink.c.obj              68      0         0      
       fs_tod_t2.asm.obj             56      0         0      
       strncpy.c.obj                 54      0         0      
       boot_cortex_m.c.obj           52      0         0      
       fopen.c.obj                   52      0         0      
       i_tofd_t2.asm.obj             46      0         0      
       unlink.c.obj                  44      0         0      
       lseek.c.obj                   40      0         0      
       write.c.obj                   40      0         0      
       memchr.c.obj                  32      0         0      
       copy_zero_init.c.obj          28      0         0      
       memccpy.c.obj                 28      0         0      
       s_copysign.c.obj              26      0         0      
       strcmp.c.obj                  24      0         0      
       strchr.c.obj                  22      0         0      
       strcpy.c.obj                  20      0         0      
       strlen.c.obj                  20      0         0      
       _lock.c.obj                   2       0         16     
       wcslen.c.obj                  18      0         0      
       errno.c.obj                   8       0         8      
       copy_decompress_none.c.obj    14      0         0      
       pre_init.c.obj                4       0         0      
       div0.asm.obj                  2       0         0      
    +--+-----------------------------+-------+---------+---------+
       Total:                        10777   257       1888   
                                                              
       Heap:                         0       0         2048   
       Stack:                        0       0         1024   
       Linker Generated:             0       148       0      
    +--+-----------------------------+-------+---------+---------+
       Grand Total:                  12849   669       5016   


LINKER GENERATED COPY TABLES

__TI_cinit_table @ 000034d8 records: 2, size/record: 8, table size: 16
	.data: load addr=00003450, load size=00000070 bytes, run addr=20000400, run size=00000204 bytes, compression=lzss
	.bss: load addr=000034d0, load size=00000008 bytes, run addr=20000604, run size=000001c8 bytes, compression=zero_init


LINKER GENERATED HANDLER TABLE

__TI_handler_table @ 000034c0 records: 3, size/record: 4, table size: 12
	index: 0, handler: __TI_decompress_lzss
	index: 1, handler: __TI_decompress_none
	index: 2, handler: __TI_zero_init


GLOBAL SYMBOLS: SORTED ALPHABETICALLY BY Name 

address   name                           
-------   ----                           
00003301  ADC14_IRQHandler               
00003301  AES256_IRQHandler              
00003301  BusFault_Handler               
00003321  C$$EXIT                        
00002f57  C$$IO$$                        
00003301  COMP_E0_IRQHandler             
00003301  COMP_E1_IRQHandler             
200005c0  CPMwait                        
00003301  CS_IRQHandler                  
200005b8  ClockFrequency                 
00001813  Clock_GetFreq                  
000016fd  Clock_Init48MHz                
200005cc  Crystalstable                  
00003301  DMA_ERR_IRQHandler             
00003301  DMA_INT0_IRQHandler            
00003301  DMA_INT1_IRQHandler            
00003301  DMA_INT2_IRQHandler            
00003301  DMA_INT3_IRQHandler            
00003301  DebugMon_Handler               
00003301  Default_Handler                
00003301  EUSCIA0_IRQHandler             
00003301  EUSCIA1_IRQHandler             
00003301  EUSCIA2_IRQHandler             
00003301  EUSCIA3_IRQHandler             
00003301  EUSCIB0_IRQHandler             
00003301  EUSCIB1_IRQHandler             
00003301  EUSCIB2_IRQHandler             
00003301  EUSCIB3_IRQHandler             
00003301  FLCTL_IRQHandler               
00003301  FPU_IRQHandler                 
00002da1  HOSTclose                      
000027ad  HOSTlseek                      
00002a11  HOSTopen                       
00002acd  HOSTread                       
00002741  HOSTrename                     
00002de5  HOSTunlink                     
00002b25  HOSTwrite                      
00003301  HardFault_Handler              
200005c8  IFlags                         
00003301  MemManage_Handler              
00003301  NMI_Handler                    
00003301  PCM_IRQHandler                 
00003301  PORT1_IRQHandler               
00003301  PORT2_IRQHandler               
00003301  PORT3_IRQHandler               
00003301  PORT4_IRQHandler               
00003301  PORT5_IRQHandler               
00003301  PORT6_IRQHandler               
00003301  PSS_IRQHandler                 
00003301  PendSV_Handler                 
200005c4  Postwait                       
200005bc  Prewait                        
00003301  RTC_C_IRQHandler               
000032f5  Reset_Handler                  
00003301  SVC_Handler                    
00003301  SysTick_Handler                
20000600  SystemCoreClock                
00000b35  SystemCoreClockUpdate          
00000dad  SystemInit                     
00003301  T32_INT1_IRQHandler            
00003301  T32_INT2_IRQHandler            
00003301  T32_INTC_IRQHandler            
00003301  TA0_0_IRQHandler               
00003301  TA0_N_IRQHandler               
00003301  TA1_0_IRQHandler               
00003301  TA1_N_IRQHandler               
00003301  TA2_0_IRQHandler               
00003301  TA2_N_IRQHandler               
00003301  TA3_0_IRQHandler               
00003301  TA3_N_IRQHandler               
00003301  UsageFault_Handler             
4000480c  WDTCTL_SYM                     
00003301  WDT_A_IRQHandler               
20000604  __CIOBUF_                      
20010000  __STACK_END                    
00000200  __STACK_SIZE                   
00000400  __SYSMEM_SIZE                  
000034d8  __TI_CINIT_Base                
000034e8  __TI_CINIT_Limit               
000034c0  __TI_Handler_Table_Base        
000034cc  __TI_Handler_Table_Limit       
00002e29  __TI_auto_init_nobinit_nopinit 
00003005  __TI_cleanup                   
200005e0  __TI_cleanup_ptr               
000025ed  __TI_closefile                 
00002815  __TI_decompress_lzss           
000032e7  __TI_decompress_none           
00002c79  __TI_doflush                   
200005e4  __TI_dtors_ptr                 
200005e8  __TI_enable_exit_profile_output
200005d0  __TI_ft_end                    
00002bd3  __TI_ltoa                      
ffffffff  __TI_pprof_out_hndl            
000000e5  __TI_printfi                   
ffffffff  __TI_prof_data_size            
ffffffff  __TI_prof_data_start           
00003039  __TI_readmsg                   
00000000  __TI_static_base__             
20000724  __TI_tmpnams                   
00002f29  __TI_writemsg                  
000029ad  __TI_wrt_ok                    
000031e5  __TI_zero_init_nomemset        
00002465  __aeabi_cdcmpeq                
00002465  __aeabi_cdcmple                
000024eb  __aeabi_cdrcmple               
00002d59  __aeabi_d2iz                   
0000154f  __aeabi_dadd                   
000019b9  __aeabi_ddiv                   
00001f39  __aeabi_dmul                   
00001545  __aeabi_dsub                   
00003305  __aeabi_errno_addr             
00002f61  __aeabi_f2d                    
000030d1  __aeabi_i2d                    
000016fb  __aeabi_idiv0                  
000016fb  __aeabi_ldiv0                  
00002571  __aeabi_memclr                 
00002571  __aeabi_memclr4                
00002571  __aeabi_memclr8                
000022a7  __aeabi_memcpy                 
000022a7  __aeabi_memcpy4                
000022a7  __aeabi_memcpy8                
00002573  __aeabi_memset                 
00002573  __aeabi_memset4                
00002573  __aeabi_memset8                
200005dc  __aeabi_stderr                 
200005d4  __aeabi_stdin                  
200005d8  __aeabi_stdout                 
00002343  __aeabi_uldivmod               
ffffffff  __binit__                      
ffffffff  __c_args__                     
UNDEFED   __mpu_init                     
2000fe00  __stack                        
20000000  __start___llvm_prf_cnts        
20000000  __stop___llvm_prf_cnts         
0000306d  _c_int00_noargs                
00003324  _ctypes_                       
200004f0  _device                        
20000400  _ftable                        
200005ec  _lock                          
00000b33  _nop                           
20000568  _stream                        
20000000  _sys_memory                    
UNDEFED   _system_post_cinit             
0000331d  _system_pre_init               
200005f0  _unlock                        
00003321  abort                          
00001e39  aligned_alloc                  
00002cc5  atoi                           
ffffffff  binit                          
00002a71  close                          
00003239  copysign                       
00003239  copysignl                      
00002fcf  encrypt                        
000031c5  encryptop                      
200005fc  errno                          
00002d11  exit                           
000030a1  finddevice                     
000023d9  fputc                          
00001c15  fputs                          
00002035  free                           
000028e5  frexp                          
000028e5  frexpl                         
00002949  fseek                          
00002e6d  getdevice                      
00002eef  hash                           
00003281  hashop                         
00000000  interruptVectors               
00001d29  ldexp                          
00001d29  ldexpl                         
00003155  lseek                          
00000e69  main                           
0000330d  malloc                         
00001e39  memalign                       
0000321d  memccpy                        
000031a5  memchr                         
000022a7  memcpy                         
00002579  memset                         
000032c1  npv                            
200007c4  parmbuf                        
0000287d  printf                         
000023d9  putc                           
00003101  remove                         
00001d29  scalbn                         
00001d29  scalbnl                        
00002119  setvbuf                        
0000326b  strchr                         
00003253  strcmp                         
00003297  strcpy                         
000032ab  strlen                         
00002f99  strncpy                        
00003101  unlink                         
000032d5  wcslen                         
0000317d  write                          


GLOBAL SYMBOLS: SORTED BY Symbol Address 

address   name                           
-------   ----                           
00000000  __TI_static_base__             
00000000  interruptVectors               
000000e5  __TI_printfi                   
00000200  __STACK_SIZE                   
00000400  __SYSMEM_SIZE                  
00000b33  _nop                           
00000b35  SystemCoreClockUpdate          
00000dad  SystemInit                     
00000e69  main                           
00001545  __aeabi_dsub                   
0000154f  __aeabi_dadd                   
000016fb  __aeabi_idiv0                  
000016fb  __aeabi_ldiv0                  
000016fd  Clock_Init48MHz                
00001813  Clock_GetFreq                  
000019b9  __aeabi_ddiv                   
00001c15  fputs                          
00001d29  ldexp                          
00001d29  ldexpl                         
00001d29  scalbn                         
00001d29  scalbnl                        
00001e39  aligned_alloc                  
00001e39  memalign                       
00001f39  __aeabi_dmul                   
00002035  free                           
00002119  setvbuf                        
000022a7  __aeabi_memcpy                 
000022a7  __aeabi_memcpy4                
000022a7  __aeabi_memcpy8                
000022a7  memcpy                         
00002343  __aeabi_uldivmod               
000023d9  fputc                          
000023d9  putc                           
00002465  __aeabi_cdcmpeq                
00002465  __aeabi_cdcmple                
000024eb  __aeabi_cdrcmple               
00002571  __aeabi_memclr                 
00002571  __aeabi_memclr4                
00002571  __aeabi_memclr8                
00002573  __aeabi_memset                 
00002573  __aeabi_memset4                
00002573  __aeabi_memset8                
00002579  memset                         
000025ed  __TI_closefile                 
00002741  HOSTrename                     
000027ad  HOSTlseek                      
00002815  __TI_decompress_lzss           
0000287d  printf                         
000028e5  frexp                          
000028e5  frexpl                         
00002949  fseek                          
000029ad  __TI_wrt_ok                    
00002a11  HOSTopen                       
00002a71  close                          
00002acd  HOSTread                       
00002b25  HOSTwrite                      
00002bd3  __TI_ltoa                      
00002c79  __TI_doflush                   
00002cc5  atoi                           
00002d11  exit                           
00002d59  __aeabi_d2iz                   
00002da1  HOSTclose                      
00002de5  HOSTunlink                     
00002e29  __TI_auto_init_nobinit_nopinit 
00002e6d  getdevice                      
00002eef  hash                           
00002f29  __TI_writemsg                  
00002f57  C$$IO$$                        
00002f61  __aeabi_f2d                    
00002f99  strncpy                        
00002fcf  encrypt                        
00003005  __TI_cleanup                   
00003039  __TI_readmsg                   
0000306d  _c_int00_noargs                
000030a1  finddevice                     
000030d1  __aeabi_i2d                    
00003101  remove                         
00003101  unlink                         
00003155  lseek                          
0000317d  write                          
000031a5  memchr                         
000031c5  encryptop                      
000031e5  __TI_zero_init_nomemset        
0000321d  memccpy                        
00003239  copysign                       
00003239  copysignl                      
00003253  strcmp                         
0000326b  strchr                         
00003281  hashop                         
00003297  strcpy                         
000032ab  strlen                         
000032c1  npv                            
000032d5  wcslen                         
000032e7  __TI_decompress_none           
000032f5  Reset_Handler                  
00003301  ADC14_IRQHandler               
00003301  AES256_IRQHandler              
00003301  BusFault_Handler               
00003301  COMP_E0_IRQHandler             
00003301  COMP_E1_IRQHandler             
00003301  CS_IRQHandler                  
00003301  DMA_ERR_IRQHandler             
00003301  DMA_INT0_IRQHandler            
00003301  DMA_INT1_IRQHandler            
00003301  DMA_INT2_IRQHandler            
00003301  DMA_INT3_IRQHandler            
00003301  DebugMon_Handler               
00003301  Default_Handler                
00003301  EUSCIA0_IRQHandler             
00003301  EUSCIA1_IRQHandler             
00003301  EUSCIA2_IRQHandler             
00003301  EUSCIA3_IRQHandler             
00003301  EUSCIB0_IRQHandler             
00003301  EUSCIB1_IRQHandler             
00003301  EUSCIB2_IRQHandler             
00003301  EUSCIB3_IRQHandler             
00003301  FLCTL_IRQHandler               
00003301  FPU_IRQHandler                 
00003301  HardFault_Handler              
00003301  MemManage_Handler              
00003301  NMI_Handler                    
00003301  PCM_IRQHandler                 
00003301  PORT1_IRQHandler               
00003301  PORT2_IRQHandler               
00003301  PORT3_IRQHandler               
00003301  PORT4_IRQHandler               
00003301  PORT5_IRQHandler               
00003301  PORT6_IRQHandler               
00003301  PSS_IRQHandler                 
00003301  PendSV_Handler                 
00003301  RTC_C_IRQHandler               
00003301  SVC_Handler                    
00003301  SysTick_Handler                
00003301  T32_INT1_IRQHandler            
00003301  T32_INT2_IRQHandler            
00003301  T32_INTC_IRQHandler            
00003301  TA0_0_IRQHandler               
00003301  TA0_N_IRQHandler               
00003301  TA1_0_IRQHandler               
00003301  TA1_N_IRQHandler               
00003301  TA2_0_IRQHandler               
00003301  TA2_N_IRQHandler               
00003301  TA3_0_IRQHandler               
00003301  TA3_N_IRQHandler               
00003301  UsageFault_Handler             
00003301  WDT_A_IRQHandler               
00003305  __aeabi_errno_addr             
0000330d  malloc                         
0000331d  _system_pre_init               
00003321  C$$EXIT                        
00003321  abort                          
00003324  _ctypes_                       
000034c0  __TI_Handler_Table_Base        
000034cc  __TI_Handler_Table_Limit       
000034d8  __TI_CINIT_Base                
000034e8  __TI_CINIT_Limit               
20000000  __start___llvm_prf_cnts        
20000000  __stop___llvm_prf_cnts         
20000000  _sys_memory                    
20000400  _ftable                        
200004f0  _device                        
20000568  _stream                        
200005b8  ClockFrequency                 
200005bc  Prewait                        
200005c0  CPMwait                        
200005c4  Postwait                       
200005c8  IFlags                         
200005cc  Crystalstable                  
200005d0  __TI_ft_end                    
200005d4  __aeabi_stdin                  
200005d8  __aeabi_stdout                 
200005dc  __aeabi_stderr                 
200005e0  __TI_cleanup_ptr               
200005e4  __TI_dtors_ptr                 
200005e8  __TI_enable_exit_profile_output
200005ec  _lock                          
200005f0  _unlock                        
200005fc  errno                          
20000600  SystemCoreClock                
20000604  __CIOBUF_                      
20000724  __TI_tmpnams                   
200007c4  parmbuf                        
2000fe00  __stack                        
20010000  __STACK_END                    
4000480c  WDTCTL_SYM                     
ffffffff  __TI_pprof_out_hndl            
ffffffff  __TI_prof_data_size            
ffffffff  __TI_prof_data_start           
ffffffff  __binit__                      
ffffffff  __c_args__                     
ffffffff  binit                          
UNDEFED   __mpu_init                     
UNDEFED   _system_post_cinit             

[193 symbols]
